// Jest Snapshot v1, https://goo.gl/fbAQLP

exports[`Portfolio List Item Component renders as expected 1`] = `
.emotion-2 {
  margin: 1em;
  background-color: rgba(var(--starstuff-card-default-background-color),0.5);
  border-radius: 10px;
  box-shadow: 0.5em 0.5em 0.75em rgba(var(--starstuff-card-default-shadow-color),0.3);
  -webkit-transition: box-shadow 1s;
  transition: box-shadow 1s;
  --starstuff-card-default-background-color: 245,245,245;
  --starstuff-card-default-shadow-color: 10,10,10;
}

.emotion-2:active,
.emotion-2:focus,
.emotion-2:focus-within,
.emotion-2:hover {
  box-shadow: 0.8em 0.8em 1em rgba(var(--starstuff-card-default-shadow-color),0.4);
}

@media screen and (prefers-color-scheme:dark) {
  .emotion-2 {
    --starstuff-card-default-background-color: 55,55,55;
  }
}

@media screen and (min-width:1024px) {
  .emotion-2 {
    min-height: 192px;
  }
}

@media screen and (max-width:512px) {
  .emotion-2 {
    max-width: 100vw;
  }
}

@media screen and (min-width:768px) {
  .emotion-2 {
    max-width: 33vw;
  }
}

@media screen and (min-width:1024px) {
  .emotion-2 {
    max-width: 25vw;
  }
}

.emotion-1 {
  display: -webkit-box;
  display: -webkit-flex;
  display: -ms-flexbox;
  display: flex;
  -webkit-flex-direction: column;
  -ms-flex-direction: column;
  flex-direction: column;
}

.emotion-0 {
  padding: 1rem;
  display: -webkit-box;
  display: -webkit-flex;
  display: -ms-flexbox;
  display: flex;
  -webkit-flex-direction: column;
  -ms-flex-direction: column;
  flex-direction: column;
  -webkit-box-pack: center;
  -webkit-justify-content: center;
  -ms-flex-pack: center;
  justify-content: center;
}

<div
  className="emotion-2"
>
  <article
    className="emotion-1"
  >
    <script
      type="application/ld+json"
    >
      Object {
      "@context": "https://schema.org",
      "@id": "https://example.dev//item",
      "@type": "CreativeWork",
      "headline": "Sample Portfolio Item",
      "mainEntityOfPage": "https://example.dev//item",
      "name": "Sample Portfolio Item",
      "url": "https://example.dev//item",
    }
    </script>
    <div
      className="emotion-0"
    >
      <a
        href="/item"
      >
        <h2>
          Sample Portfolio Item
        </h2>
      </a>
      <p>
        This is an example of a portfolio piece.
      </p>
    </div>
  </article>
</div>
`;
